 -2.2
 -2.16
 -2.12
 -2.08
 -2.04
 -2
 -1.96
 -1.92
 -1.88
 -1.84
 -1.8
 -1.76
 -1.72
 -1.68
 -1.64
 -1.6
 -1.56
 -1.52
 -1.48
 -1.44
 -1.4
 -1.36
 -1.32
 -1.28
 -1.24
 -1.2
 -1.16
 -1.12
 -1.08
 -1.04
 -1
 -0.96
 -0.92
 -0.88
 -0.840001
 -0.799999
 -0.760001
 -0.72
 -0.68
 -0.64
 -0.599999
 -0.560001
 -0.519999
 -0.480001
 -0.44
 -0.4
 -0.359999
 -0.320001
 -0.279999
 -0.240001
 -0.2
 -0.16
 -0.119999
 -0.0800008
 -0.0399992
 -6.18863e-07
 0.0400003
 0.0799999
 0.12
 0.16
 0.2
 0.24
 0.280001
 0.319998
 0.360002
 0.399999
 0.440001
 0.48
 0.52
 0.56
 0.6
 0.64
 0.68
 0.72
 0.76
 0.800001
 0.839998
 0.880002
 0.919999
 0.960001
 1
 1.04
 1.08
 1.12
 1.16
 1.2
 1.24
 1.28
 1.32
 1.36
 1.4
 1.44
 1.48
 1.52
 1.56
 1.6
 1.64
 1.68
 1.72
 1.76
 1.8
P:1 Nt:10 Time:1.55667ms
